
Memory Configuration

Name             Origin             Length             Attributes
*default*        0x00000000         0xffffffff

Linker script and memory map

                0xd0020fb0                . = 0xd0020fb0
                0xd0020fb0                . = ALIGN (0x4)

.text           0xd0020fb0      0x484
 */BL2.bin()
 *(.text)
 .text          0xd0020fb0       0x28 /home/korena/Development/Workspaces/car-dashboard/bl2/asm/bl2_asm.o
                0xd0020fb0                _bl2_entry
 .text          0xd0020fd8       0xc8 /home/korena/Development/Workspaces/car-dashboard/bl2/asm/clock_mod.o
                0xd0020fd8                clock_subsys_init
 .text          0xd00210a0      0x270 /home/korena/Development/Workspaces/car-dashboard/bl2/asm/memory_mod.o
                0xd00210a0                mem_ctrl_asm_init
                0xd0021200                copy_To_Mem
 .text          0xd0021310        0x0 /home/korena/Development/Workspaces/car-dashboard/bl2/asm/OS_test_mod.o
 .text          0xd0021310      0x124 /home/korena/Development/Workspaces/car-dashboard/bl2/asm/uart_mod.o
                0xd0021310                uart_asm_init
                0xd0021360                uart_print_string
                0xd0021388                uart_print_hex
                0xd00213f0                uart_print

.glue_7         0xd0021434        0x0
 .glue_7        0x00000000        0x0 linker stubs

.glue_7t        0xd0021434        0x0
 .glue_7t       0x00000000        0x0 linker stubs

.vfp11_veneer   0xd0021434        0x0
 .vfp11_veneer  0x00000000        0x0 linker stubs

.v4_bx          0xd0021434        0x0
 .v4_bx         0x00000000        0x0 linker stubs

.iplt           0xd0021434        0x0
 .iplt          0x00000000        0x0 /home/korena/Development/Workspaces/car-dashboard/bl2/asm/bl2_asm.o
                0xd0021434                . = ALIGN (0x4)
                0xd0021434                rodata = .

.rodata         0xd0021440      0x203
 *(.rodata)
 .rodata        0xd0021440       0x20 /home/korena/Development/Workspaces/car-dashboard/bl2/asm/bl2_asm.o
 .rodata        0xd0021460       0x2a /home/korena/Development/Workspaces/car-dashboard/bl2/asm/clock_mod.o
 .rodata        0xd002148a       0x95 /home/korena/Development/Workspaces/car-dashboard/bl2/asm/memory_mod.o
 *fill*         0xd002151f        0x1 
 .rodata        0xd0021520      0x100 /home/korena/Development/Workspaces/car-dashboard/bl2/asm/OS_test_mod.o
                0xd0021520                _BL2
 .rodata        0xd0021620       0x23 /home/korena/Development/Workspaces/car-dashboard/bl2/asm/uart_mod.o

.rel.dyn        0xd0021644        0x0
 .rel.iplt      0x00000000        0x0 /home/korena/Development/Workspaces/car-dashboard/bl2/asm/bl2_asm.o
                0xd0021644                . = ALIGN (0x4)
                0xd0021644                data_start = .

.data           0xd0021644        0x0
 *(.data)
 .data          0xd0021644        0x0 /home/korena/Development/Workspaces/car-dashboard/bl2/asm/bl2_asm.o
 .data          0xd0021644        0x0 /home/korena/Development/Workspaces/car-dashboard/bl2/asm/clock_mod.o
 .data          0xd0021644        0x0 /home/korena/Development/Workspaces/car-dashboard/bl2/asm/memory_mod.o
 .data          0xd0021644        0x0 /home/korena/Development/Workspaces/car-dashboard/bl2/asm/OS_test_mod.o
 .data          0xd0021644        0x0 /home/korena/Development/Workspaces/car-dashboard/bl2/asm/uart_mod.o

.igot.plt       0xd0021644        0x0
 .igot.plt      0x00000000        0x0 /home/korena/Development/Workspaces/car-dashboard/bl2/asm/bl2_asm.o
                0xd0021644                . = ALIGN (0x4)
                0xd0021644                bss_start = .

.bss            0xd0021644        0x0
 *(.bss)
 .bss           0xd0021644        0x0 /home/korena/Development/Workspaces/car-dashboard/bl2/asm/bl2_asm.o
 .bss           0xd0021644        0x0 /home/korena/Development/Workspaces/car-dashboard/bl2/asm/clock_mod.o
 .bss           0xd0021644        0x0 /home/korena/Development/Workspaces/car-dashboard/bl2/asm/memory_mod.o
 .bss           0xd0021644        0x0 /home/korena/Development/Workspaces/car-dashboard/bl2/asm/OS_test_mod.o
 .bss           0xd0021644        0x0 /home/korena/Development/Workspaces/car-dashboard/bl2/asm/uart_mod.o
                0xd0021644                bss_end = .
LOAD /home/korena/Development/Workspaces/car-dashboard/bl2/asm/bl2_asm.o
LOAD /home/korena/Development/Workspaces/car-dashboard/bl2/asm/clock_mod.o
LOAD /home/korena/Development/Workspaces/car-dashboard/bl2/asm/memory_mod.o
LOAD /home/korena/Development/Workspaces/car-dashboard/bl2/asm/OS_test_mod.o
LOAD /home/korena/Development/Workspaces/car-dashboard/bl2/asm/uart_mod.o
OUTPUT(/home/korena/Development/Workspaces/car-dashboard/target_bin/BL2.elf elf32-littlearm)

.ARM.attributes
                0x00000000       0x1d
 .ARM.attributes
                0x00000000       0x1d /home/korena/Development/Workspaces/car-dashboard/bl2/asm/bl2_asm.o
 .ARM.attributes
                0x0000001d       0x1d /home/korena/Development/Workspaces/car-dashboard/bl2/asm/clock_mod.o
 .ARM.attributes
                0x0000003a       0x1d /home/korena/Development/Workspaces/car-dashboard/bl2/asm/memory_mod.o
 .ARM.attributes
                0x00000057       0x1d /home/korena/Development/Workspaces/car-dashboard/bl2/asm/OS_test_mod.o
 .ARM.attributes
                0x00000074       0x1d /home/korena/Development/Workspaces/car-dashboard/bl2/asm/uart_mod.o
